CombatMap(
    bitmap: "small_cell_block_60x26",
    zones: [
        MapZone(position: MapPosition(x_pos: 222., y_pos: 142., height: 190., width: 100.), name: "Cell A11", tag: "cell_a_11", adjacent: [ZoneMove(check: None, tag: "cellblock_a")]),
        MapZone(position: MapPosition(x_pos: 360., y_pos: 142., height: 190., width: 100.), name: "Cell A12", tag: "cell_a_12", adjacent: [ZoneMove(check: None, tag: "cellblock_a")], ),
        MapZone(position: MapPosition(x_pos: 495., y_pos: 142., height: 190., width: 100.), name: "Cell A13", tag: "cell_a_13", adjacent: [ZoneMove(check: None, tag: "cellblock_a")], ),
        MapZone(position: MapPosition(x_pos: 222., y_pos: -142., height: 190., width: 100.), name: "Cell A21", tag: "cell_a_21", adjacent: [ZoneMove(check: None, tag: "cellblock_a")], ),
        MapZone(position: MapPosition(x_pos: 360., y_pos: -142., height: 190., width: 100.), name: "Cell A22", tag: "cell_a_22", adjacent: [ZoneMove(check: None, tag: "cellblock_a")], ),
        MapZone(position: MapPosition(x_pos: 495., y_pos: -142., height: 190., width: 100.), name: "Cell A23", tag: "cell_a_23", adjacent: [ZoneMove(check: None, tag: "cellblock_a")], ),
        MapZone(position: MapPosition(x_pos: 330., y_pos: 0., height: 90., width: 470.), name: "Cell block A", tag: "cellblock_a", adjacent: [ZoneMove(check: None, tag: "cell_a_11"), ZoneMove(check: None, tag: "cell_a_12"), ZoneMove(check: None, tag: "cell_a_13"), ZoneMove(check: None, tag: "cell_a_21"), ZoneMove(check: None, tag: "cell_a_22"), ZoneMove(check: None, tag: "cell_a_23"), ZoneMove(check: None, tag: "gate_a")], ),
        MapZone(position: MapPosition(x_pos: 630., y_pos: 0., height: 140., width: 120.), name: "Gate A", tag: "gate_a", adjacent: [ZoneMove(check: None, tag: "cellblock_a"), ZoneMove(check: None, tag: "central"), ], ),
        MapZone(position: MapPosition(x_pos: 990., y_pos: 0., height: 640., width: 580.), name: "Central", tag: "central", adjacent: [ZoneMove(check: None, tag: "gate_a"), ZoneMove(check: None, tag: "access_corridor"),], ),
        MapZone(position: MapPosition(x_pos: 1530., y_pos: 0., height: 90., width: 470.), name: "Access Corridor", tag: "access_corridor", adjacent: [ZoneMove(check: None, tag: "central"), ] ),
    ],
    start_positions: [
        StartPosition(entity_tag: "elektra", zone_tag: "cell_a_11"),
        StartPosition(entity_tag: "yurika", zone_tag: "cell_a_11"),
        StartPosition(entity_tag: "paul", zone_tag: "cell_a_11"),
        StartPosition(entity_tag: "harry", zone_tag: "cell_a_11"),
        StartPosition(entity_tag: "frida", zone_tag: "cell_a_11"),
        StartPosition(entity_tag: "eloise", zone_tag: "cell_a_11"),
        StartPosition(entity_tag: "octopus_guard", zone_tag: "gate_a"),
        StartPosition(entity_tag: "octopus_guard", zone_tag: "gate_a"),
        StartPosition(entity_tag: "octopus_guard", zone_tag: "central"),
        StartPosition(entity_tag: "octopus_guard", zone_tag: "central"),
        StartPosition(entity_tag: "octopus_guard", zone_tag: "central"),
        StartPosition(entity_tag: "octopus_guard", zone_tag: "central"),
        StartPosition(entity_tag: "lieutenant", zone_tag: "central"),
    ],
)