CombatMap(
    bitmap: "small_cell_block_60x26.png",
    zones: [
        MapZone(position: MapPosition(x_pos: 222., y_pos: 142., height: 190., width: 100.), name: "Cell A11", tag: "cell_a_11", adjacent: [], ),
        MapZone(position: MapPosition(x_pos: 360., y_pos: 142., height: 190., width: 100.), name: "Cell A12", tag: "cell_a_12", adjacent: [], ),
        MapZone(position: MapPosition(x_pos: 495., y_pos: 142., height: 190., width: 100.), name: "Cell A13", tag: "cell_a_13", adjacent: [], ),
        MapZone(position: MapPosition(x_pos: 222., y_pos: -142., height: 190., width: 100.), name: "Cell A21", tag: "cell_a_21", adjacent: [], ),
        MapZone(position: MapPosition(x_pos: 360., y_pos: -142., height: 190., width: 100.), name: "Cell A22", tag: "cell_a_22", adjacent: [], ),
        MapZone(position: MapPosition(x_pos: 495., y_pos: -142., height: 190., width: 100.), name: "Cell A23", tag: "cell_a_23", adjacent: [], ),
        MapZone(position: MapPosition(x_pos: 330., y_pos: 0., height: 90., width: 470.), name: "Cell block A", tag: "cellblock_a", adjacent: [], ),
        MapZone(position: MapPosition(x_pos: 630., y_pos: 0., height: 140., width: 120.), name: "Gate A", tag: "gate_a", adjacent: [], ),
        MapZone(position: MapPosition(x_pos: 990., y_pos: 0., height: 640., width: 580.), name: "Central", tag: "central", adjacent: [], ),
        MapZone(position: MapPosition(x_pos: 1530., y_pos: 0., height: 90., width: 470.), name: "Access Corridor", tag: "access_corridor", adjacent: [], ),
    ]
)